{"code":200,"message":"Account Not Found","data":{"account_id":"","first_name":"","last_name":"","email":"","phone_no":"","address":""}}
