{"code":200,"message":"success","data":{"balance":10000}}
