{"code":200,"message":"success","data":{"balance":0}}
