{"code":200,"message":"success","data":[{"deposit_id":"201808013849","account_id":"03212546","deposit_date":"1984-04-04T00:00:00Z","deposit_amount":100000},{"deposit_id":"201808013849","account_id":"03253548","deposit_date":"1984-04-04T00:00:00Z","deposit_amount":100000}]}
