{"code":500,"messsage":"first_name: non zero value required;last_name: non zero value required"}
