{"code":500,"messsage":"account_id: non zero value required"}
