{"code":200,"message":"success","data":[{"account_id":"03212546","first_name":"Jhone","last_name":"Doe","email":"jhone.doe@gmail.com","phone_no":"085263123456","address":"Jakarta"},{"account_id":"03253548","first_name":"Nathan","last_name":"Dyer","email":"nathan.dyer@gmail.com","phone_no":"085263123457","address":"Jakarta"}]}
