{"code":500,"message":"account_id: non zero value required"}
