{"code":500,"message":"deposit_amount: non zero value required"}
